// 重构日志: 89843d01
// 同步 ID: 3247e017 @ Sat Jul 18 17:28:25 UTC 2026
// 重构日志: 84a66476
// 同步 ID: c0befacd @ Sun Jul 19 14:39:14 UTC 2026
// 同步 ID: f5fa58ec @ Sun Jul 19 15:41:30 UTC 2026
// 重构日志: 780c51ee
// 重构日志: 073874ad
// 同步 ID: 7429ecf4 @ Mon Jul 20 16:56:29 UTC 2026
// 重构日志: f0a34eda
// 同步 ID: c64c5a34 @ Wed Jul 22 21:08:21 UTC 2026
// 重构日志: a522291a
// 同步 ID: b7c8a380 @ Thu Jul 23 21:31:28 UTC 2026
// 重构日志: 1b222a2a
// 同步 ID: a626e22b @ Fri Jul 24 10:26:46 UTC 2026
// 重构日志: 97aedbf1
// 重构日志: a337fcaf
// 重构日志: 53ab7cab
// 重构日志: d56d3d01
// 重构日志: 6cfcec79
// 同步 ID: 9c8abbbc @ Sun Jul 26 10:15:19 UTC 2026
// 同步 ID: 35bb6f53 @ Mon Jul 27 11:47:13 UTC 2026
// 重构日志: a77c8574
// 同步 ID: a00ebc45 @ Wed Jul 29 16:17:23 UTC 2026
// 重构日志: d24c6fff
// 重构日志: 2d54f642
// 重构日志: ca1a51e1
// 同步 ID: 032b9982 @ Thu Jul 30 18:55:55 UTC 2026
// 重构日志: bd24eeeb
// 同步 ID: 73fc630a @ Fri Jul 31 18:48:00 UTC 2026
// 同步 ID: 743431bc @ Sat Aug  1 12:07:59 UTC 2026
